// Jest Snapshot v1, https://goo.gl/fbAQLP

exports[`<RsiEdit /> should render and match the snapshot 1`] = `
<DocumentFragment>
  <dialog
    class="change-rsi-dialog "
  >
    <form>
      <div
        class="dialog-content"
      >
        <button
          aria-label="Dialog schließen"
          class="close-dialog-button"
          tabindex="0"
        >
          <svg
            class="lucide lucide-x"
            fill="none"
            height="24"
            stroke="currentColor"
            stroke-linecap="round"
            stroke-linejoin="round"
            stroke-width="2"
            viewBox="0 0 24 24"
            width="24"
            xmlns="http://www.w3.org/2000/svg"
          >
            <path
              d="M18 6 6 18"
            />
            <path
              d="m6 6 12 12"
            />
          </svg>
        </button>
        <div
          class="form-dialog-header"
        >
          <h2
            class="form-dialog-content-title"
          >
            Regelmäßige Service-Elemente
          </h2>
        </div>
        <div
          class="form-dialog-content-children"
        >
          <div
            class="rsi-edit-container"
          >
            <div
              class="rsi-edit-entry"
            >
              <div
                class="rsi-edit-entry-item"
              >
                <label
                  for="date-0"
                >
                  Zuletzt gemacht:
                </label>
                <input
                  class="date-input"
                  id="date-0"
                  type="date"
                  value="2025-06-17"
                />
              </div>
              <div
                class="rsi-edit-entry-item"
              >
                <label
                  for="serviceSelect-0"
                >
                  Service:
                </label>
                <select
                  id="serviceSelect-0"
                >
                  <option
                    value="Luftfilterwechsel"
                  >
                    Luftfilterwechsel
                  </option>
                  <option
                    value="Pollenfilterwechsel"
                  >
                    Pollenfilterwechsel
                  </option>
                  <option
                    value="Kraftstofffilterwechsel"
                  >
                    Kraftstofffilterwechsel
                  </option>
                  <option
                    value="Zündkerzenwechsel"
                  >
                    Zündkerzenwechsel
                  </option>
                  <option
                    value="Bremsflüssigkeitswechsel"
                  >
                    Bremsflüssigkeitswechsel
                  </option>
                  <option
                    value="Reifenwechsel"
                  >
                    Reifenwechsel
                  </option>
                  <option
                    disabled=""
                    value="Ölwechsel"
                  >
                    Ölwechsel
                  </option>
                </select>
              </div>
              <div
                class="rsi-edit-entry-item"
              >
                <label
                  for="interval-0"
                >
                  Intervall (Monate):
                </label>
                <input
                  id="interval-0"
                  max="999"
                  min="1"
                  type="number"
                  value="12"
                />
              </div>
              <button
                type="button"
              >
                <svg
                  class="lucide lucide-x"
                  fill="none"
                  height="24"
                  stroke="currentColor"
                  stroke-linecap="round"
                  stroke-linejoin="round"
                  stroke-width="2"
                  viewBox="0 0 24 24"
                  width="24"
                  xmlns="http://www.w3.org/2000/svg"
                >
                  <path
                    d="M18 6 6 18"
                  />
                  <path
                    d="m6 6 12 12"
                  />
                </svg>
              </button>
            </div>
          </div>
        </div>
      </div>
      <div
        class="rsi-dialog-footer"
      />
      <div
        class="rsi-dialog-buttons"
      >
        <button
          class="submit-action"
          type="button"
        >
          <div
            class="add-action"
          >
            <svg
              class="lucide lucide-plus"
              fill="none"
              height="24"
              stroke="currentColor"
              stroke-linecap="round"
              stroke-linejoin="round"
              stroke-width="2"
              viewBox="0 0 24 24"
              width="24"
              xmlns="http://www.w3.org/2000/svg"
            >
              <path
                d="M5 12h14"
              />
              <path
                d="M12 5v14"
              />
            </svg>
             
            <span>
              Regulären Service Eintrag hinzufügen
            </span>
          </div>
        </button>
        <button
          class="submit-action"
          type="submit"
        >
          Aktualisieren
        </button>
      </div>
    </form>
  </dialog>
</DocumentFragment>
`;
